2026-10-02T00:40:58.493186+00:00 RUN launch
2026-10-02T00:40:59.510115+00:00 END launch: 0
2026-10-02T00:51:31.120401+00:00 RUN lil-bench
2026-10-02T00:59:06.963772+00:00 END lil-bench: 0
2026-10-02T00:59:07.126730+00:00 RUN decode-1
2026-10-02T01:03:31.029008+00:00 END decode-1: 0
2026-10-02T01:03:31.273441+00:00 RUN decode-2
2026-10-02T01:07:52.577911+00:00 END decode-2: 0
2026-10-02T01:07:52.794792+00:00 RUN decode-3
2026-10-02T01:12:14.703907+00:00 END decode-3: 0
2026-10-02T01:12:14.913661+00:00 RUN prefill
2026-10-02T01:13:36.052938+00:00 END prefill: 0
2026-10-02T01:13:36.296085+00:00 RUN burst
2026-10-02T01:23:20.773953+00:00 END burst: 0
2026-10-02T01:23:21.044557+00:00 RUN lavd-test10
2026-10-02T01:26:33.887502+00:00 END lavd-test10: 0
2026-10-02T01:26:34.116400+00:00 RUN mmlu-pro200
2026-10-02T02:21:02.552499+00:00 END mmlu-pro200: 0
2026-10-02T02:21:02.663573+00:00 RUN throughput
2026-10-02T02:34:39.024190+00:00 END throughput: 0
2026-10-02T02:34:39.024276+00:00 RUN interference
2026-10-02T02:39:34.472045+00:00 END interference: 0
2026-10-02T02:39:34.634416+00:00 RUN mmlu-pro200-repeat
2026-10-02T03:35:54.802165+00:00 END mmlu-pro200-repeat: 0
2026-10-02T03:35:55.076767+00:00 RUN estonia30
2026-10-02T03:40:10.865016+00:00 END estonia30: 0
2026-10-02T03:40:11.117194+00:00 RUN mmlu-pro1000
2026-10-02T08:10:44.132766+00:00 END mmlu-pro1000: 0
2026-10-02T08:10:44.263550+00:00 RUN long-context
2026-10-02T08:26:21.384013+00:00 END long-context: 0
2026-10-02T08:26:21.384108+00:00 RUN queue
2026-10-02T08:27:35.365473+00:00 END queue: 0
Flag --time has been deprecated, use --timeout instead
1b8f6c216c1cfeccac696dd077be65c9cd09ec28ed7fad8807626f74eff6ecaa
1b8f6c216c1cfeccac696dd077be65c9cd09ec28ed7fad8807626f74eff6ecaa
