[2026-10-02 10:31:33] R26 QUALIFICATION START
e03ceb359c93d5249689f3aa4f25db6f4da165554afeae9ad71f4ac2f01f0351
[2026-10-02 10:31:48] PRODUCTION PAUSED; GPU qualification begins (isolation=strict)
[2026-10-02 10:31:53] QUALIFICATION PHASE qad-tp4
[2026-10-02 10:31:53] $ /usr/bin/python /home/josh/omp-workspace/drock-lmcache/lavd-qualification-20261001T231927Z/campaign.py --phase qad-tp4
[2026-10-02 12:05:46] GATE PASS phase-execution:qad-tp4
[2026-10-02 12:05:46] QUALIFICATION PHASE spark-tp2
[2026-10-02 12:05:46] $ /usr/bin/python /home/josh/omp-workspace/drock-lmcache/lavd-qualification-20261001T231927Z/campaign.py --phase spark-tp2
[2026-10-02 13:47:08] GATE PASS phase-execution:spark-tp2
[2026-10-02 13:47:08] QUALIFICATION PHASE drafter-marlin
[2026-10-02 13:47:08] $ /usr/bin/python /home/josh/omp-workspace/drock-lmcache/lavd-qualification-20261001T231927Z/campaign.py --phase drafter-marlin
[2026-10-02 14:24:50] GATE PASS phase-execution:drafter-marlin
[2026-10-02 14:24:50] QUALIFICATION PHASE drafter-b12x
[2026-10-02 14:24:50] $ /usr/bin/python /home/josh/omp-workspace/drock-lmcache/lavd-qualification-20261001T231927Z/campaign.py --phase drafter-b12x
[2026-10-02 15:01:06] GATE PASS phase-execution:drafter-b12x
[2026-10-02 15:01:06] QUALIFICATION PHASE nccl-4
[2026-10-02 15:01:06] $ /usr/bin/python /home/josh/omp-workspace/drock-lmcache/lavd-qualification-20261001T231927Z/campaign.py --phase nccl-4
[2026-10-02 15:32:39] GATE PASS phase-execution:nccl-4
[2026-10-02 15:32:39] QUALIFICATION PHASE nccl-16
[2026-10-02 15:32:39] $ /usr/bin/python /home/josh/omp-workspace/drock-lmcache/lavd-qualification-20261001T231927Z/campaign.py --phase nccl-16
[2026-10-02 15:40:25] GATE PASS phase-execution:nccl-16
[2026-10-02 15:40:25] QUALIFICATION PHASE context-786k
[2026-10-02 15:40:25] $ /usr/bin/python /home/josh/omp-workspace/drock-lmcache/lavd-qualification-20261001T231927Z/campaign.py --phase context-786k
[2026-10-02 15:59:12] GATE PASS phase-execution:context-786k
[2026-10-02 15:59:12] QUALIFICATION PHASE scheduler-fixed
[2026-10-02 15:59:12] $ /usr/bin/python /home/josh/omp-workspace/drock-lmcache/lavd-qualification-20261001T231927Z/campaign.py --phase scheduler-fixed
[2026-10-02 16:08:05] GATE PASS phase-execution:scheduler-fixed
[2026-10-02 16:08:05] QUALIFICATION PHASE scheduler-old-stress
[2026-10-02 16:08:05] $ /usr/bin/python /home/josh/omp-workspace/drock-lmcache/lavd-qualification-20261001T231927Z/campaign.py --phase scheduler-old-stress
[2026-10-02 16:16:15] GATE PASS phase-execution:scheduler-old-stress
[2026-10-02 16:16:15] QUALIFICATION PHASE scheduler-fixed-stress
[2026-10-02 16:16:15] $ /usr/bin/python /home/josh/omp-workspace/drock-lmcache/lavd-qualification-20261001T231927Z/campaign.py --phase scheduler-fixed-stress
Flag --time has been deprecated, use --timeout instead
61944ab29d4c41e2f87d6455e4ba25e3c6348549559bcdc3c10ae8595c9e1186
61944ab29d4c41e2f87d6455e4ba25e3c6348549559bcdc3c10ae8595c9e1186
e03ceb359c93d5249689f3aa4f25db6f4da165554afeae9ad71f4ac2f01f0351
e03ceb359c93d5249689f3aa4f25db6f4da165554afeae9ad71f4ac2f01f0351
[2026-10-02 16:22:17] PRODUCTION RESTORED
[2026-10-02 16:22:17] R26 QUALIFICATION COORDINATOR EXIT
Traceback (most recent call last):
  File "/home/josh/omp-workspace/drock-lmcache/lavd-qualification-20261001T231927Z/campaign.py", line 307, in <module>
    if __name__=='__main__': main()
                             ~~~~^^
  File "/home/josh/omp-workspace/drock-lmcache/lavd-qualification-20261001T231927Z/campaign.py", line 302, in main
    try: coordinator.main()
         ~~~~~~~~~~~~~~~~^^
  File "/home/josh/omp-workspace/glm53-flash-field-lab/scripts/r26/run_qualification.py", line 285, in main
    code = rt.run([sys.executable, str(HERE / script), *args], label='phase-' + phase, timeout=timeout)
  File "/home/josh/omp-workspace/glm53-flash-field-lab/scripts/r26/runtime.py", line 75, in run
    code = child.wait(timeout=timeout)
  File "/usr/lib/python3.14/subprocess.py", line 1279, in wait
    return self._wait(timeout=timeout)
           ~~~~~~~~~~^^^^^^^^^^^^^^^^^
  File "/usr/lib/python3.14/subprocess.py", line 2078, in _wait
    time.sleep(delay)
    ~~~~~~~~~~^^^^^^^
  File "/home/josh/omp-workspace/glm53-flash-field-lab/scripts/r26/run_qualification.py", line 38, in interrupt
    raise KeyboardInterrupt(f'Qualification interrupted by signal {signum}')
KeyboardInterrupt: Qualification interrupted by signal 2
