2026-10-02T08:31:54.035170+00:00 RUN launch
2026-10-02T08:31:54.901241+00:00 END launch: 0
2026-10-02T08:42:06.164139+00:00 RUN lil-bench
2026-10-02T08:51:19.455400+00:00 END lil-bench: 0
2026-10-02T08:51:19.592967+00:00 RUN decode-1
2026-10-02T08:55:33.405873+00:00 END decode-1: 0
2026-10-02T08:55:33.708105+00:00 RUN decode-2
2026-10-02T08:59:47.664558+00:00 END decode-2: 0
2026-10-02T08:59:47.945283+00:00 RUN decode-3
2026-10-02T09:04:01.427591+00:00 END decode-3: 0
2026-10-02T09:04:01.747792+00:00 RUN prefill
2026-10-02T09:05:28.704823+00:00 END prefill: 0
2026-10-02T09:05:28.980078+00:00 RUN burst
2026-10-02T09:12:26.425064+00:00 END burst: 0
2026-10-02T09:12:26.709372+00:00 RUN lavd-test10
2026-10-02T09:15:01.852577+00:00 END lavd-test10: 0
2026-10-02T09:15:02.180795+00:00 RUN mmlu-pro200
2026-10-02T09:53:04.703356+00:00 END mmlu-pro200: 0
2026-10-02T09:53:04.838939+00:00 RUN throughput
2026-10-02T10:01:41.272123+00:00 END throughput: 0
2026-10-02T10:01:41.272201+00:00 RUN interference
2026-10-02T10:05:43.493620+00:00 END interference: 0
Flag --time has been deprecated, use --timeout instead
1e55116782601b584bb33608ff21a5fb6cbc289386f932165c3c1e0d2daf107e
1e55116782601b584bb33608ff21a5fb6cbc289386f932165c3c1e0d2daf107e
