2026-10-02T10:05:46.335875+00:00 RUN launch
2026-10-02T10:05:47.202080+00:00 END launch: 0
2026-10-02T10:15:07.297109+00:00 RUN lil-bench
2026-10-02T10:22:13.384797+00:00 END lil-bench: 0
2026-10-02T10:22:13.507314+00:00 RUN decode-1
2026-10-02T10:27:10.370368+00:00 END decode-1: 0
2026-10-02T10:27:10.579960+00:00 RUN decode-2
2026-10-02T10:32:08.070813+00:00 END decode-2: 0
2026-10-02T10:32:08.349493+00:00 RUN decode-3
2026-10-02T10:37:05.376094+00:00 END decode-3: 0
2026-10-02T10:37:05.610986+00:00 RUN prefill
2026-10-02T10:38:13.232247+00:00 END prefill: 0
2026-10-02T10:38:13.445737+00:00 RUN burst
2026-10-02T10:44:40.973085+00:00 END burst: 0
2026-10-02T10:44:41.212183+00:00 RUN lavd-test10
2026-10-02T10:48:56.019510+00:00 END lavd-test10: 0
2026-10-02T10:48:56.293903+00:00 RUN mmlu-pro200
2026-10-02T11:47:06.703417+00:00 END mmlu-pro200: 0
Flag --time has been deprecated, use --timeout instead
4a6dce81eae00fcb566db7949722c55d727b152acb26c73f5f55d9425a3f50e1
4a6dce81eae00fcb566db7949722c55d727b152acb26c73f5f55d9425a3f50e1
