╭──────────────────────────── NVIDIA P2P Override ─────────────────────────────╮
│ Effective: yes                                                               │
│ Configured file: yes (/etc/modprobe.d/nvidia-p2p-override.conf)              │
│ Runtime: ForceP2P=0x11; RMForceP2PType=1; RMPcieP2PType=2;                   │
│ GrdmaPciTopoCheckOverride=1; EnableResizableBar=1; DmaRemapPeerMmio=1        │
╰──────────────────────────────────────────────────────────────────────────────╯
╭─────────────────────────────── Configuration ────────────────────────────────╮
│ Estonia Long-Context Chain Test                                              │
│ Model: g53fq @ localhost:8002                                                │
│ Prompt: profile:estonia                                                      │
│ Concurrency: 8                                                               │
│ Measured runs: 30 | Max tokens: 40000                                        │
│ Scoring: PASS / DECOY / NOT_STATED / FAIL asserted country (expected         │
│ Estonia)                                                                     │
│ Sampling: seed 731 + run index, reasoning_effort max | Watchdog: stall 600s, │
│ wall-clock 3600s                                                             │
╰──────────────────────────────────────────────────────────────────────────────╯

╭────────────────────────────── Completion Stats ──────────────────────────────╮
│ Estonia Long-Context Chain Test                                              │
│ The same 700k-character packet is resampled N times. The model must follow a │
│ six-hop cross-reference chain past planted decoys and name the vendor's      │
│ country. Wrong answers split into DECOY (took the planted country),          │
│ NOT_STATED (gave up) and FAIL; incomplete streams are reported separately.   │
│ Built-in profile run at fixed concurrency C=8.                               │
╰──────────────────────────────────────────────────────────────────────────────╯
Profile                                                       
╭────────────────┬───────────────────────────────────────────╮
│ field          │ value                                     │
├────────────────┼───────────────────────────────────────────┤
│ profile        │ estonia                                   │
│ prompt         │ profile:estonia                           │
│ prompt chars   │ 707,468                                   │
│ requested runs │ 30                                        │
│ concurrency    │ 8                                         │
│ max tokens     │ 40000                                     │
│ scoring        │ country_exact                             │
│ expected       │ Estonia                                   │
│ prompt sha256  │ 8c045ba5e8299b25                          │
│ prefill scout  │ 133,208 prompt tok / 29.04s = 4,586 tok/s │
╰────────────────┴───────────────────────────────────────────╯
╭───────────────────────── Whole-run GPU Power ─────────────────────────╮
│ avg 1,004 W | max 1,064 W | limit 2,400 W | over 4m 14s | 106 samples │
╰───────────────────────────────────────────────────────────────────────╯
Concurrency Results                                                             
╭──┬──────┬─────────────────────┬────┬─────────┬────────┬──────────┬───────┬───╮
│  │ don… │               score │ s… │ output… │ outpu… │ aggrega… │ avg … │ … │
├──┼──────┼─────────────────────┼────┼─────────┼────────┼──────────┼───────┼───┤
│  │ 30/… │ PASS 29 / FAIL 0 /… │ ★… │   4,305 │  7,111 │     88.4 │  55.5 │ … │
╰──┴──────┴─────────────────────┴────┴─────────┴────────┴──────────┴───────┴───╯
Selected C=8                                               
╭────────────────────────────┬────────────────────────────╮
│ metric                     │                      value │
├────────────────────────────┼────────────────────────────┤
│ completed                  │                      30/30 │
│ score                      │ PASS 29 / FAIL 0 / DECOY 1 │
│ stars                      │              ★★★★★★★★★★ 👍 │
│ pass rate                  │              96.7% (29/30) │
│ decoy                      │                          1 │
│ hit max_tokens             │                          0 │
│ completion tokens avg      │                      4,610 │
│ completion tokens p50      │                      4,305 │
│ completion tokens p90      │                      7,111 │
│ completion tokens p99      │                     10,934 │
│ elapsed avg                │                      55.5s │
│ TTFT avg                   │                      3.38s │
│ aggregate gen tok/s        │                       88.4 │
│ mean per-request gen tok/s │                       88.1 │
╰────────────────────────────┴────────────────────────────╯
Failed Final Answers                                                            
╭────┬───┬────────┬───────┬────────────────────────────────────────────────────╮
│  # │ C │ tokens │ score │ final answer                                       │
├────┼───┼────────┼───────┼────────────────────────────────────────────────────┤
│ 10 │ 8 │  6,226 │ DECOY │ Latvia (decoy answer: expected Estonia, got        │
│    │   │        │       │ Latvia) | Latvia                                   │
╰────┴───┴────────┴───────┴────────────────────────────────────────────────────╯
Interpretation: PASS means the country the visible answer asserts is the 
expected one (an explicit 'Final answer:' line wins; otherwise the last line 
that names a country). Countries mentioned only as a negated contrast ('not 
Latvia') or in a parenthetical aside do not count. DECOY = the model committed 
to the planted wrong country; NOT_STATED = the model said the packet does not 
contain the answer (gave up); AMBIG = one conclusion line asserts two countries 
(scored wrong, review manually); FAIL = another country or no country at all. 
TRUNC/STALL/TIMEOUT (⊘) never produced a visible answer and are runtime 
artifacts, reported separately from wrong answers. Private reasoning is never 
scored. Quality bar: ★=PASS, ✕=wrong, ⊘=incomplete.

Results saved to 
/home/josh/omp-workspace/drock-lmcache/lavd-qualification-20261001T231927Z/arms/
reference/estonia30.json
